I'm sorry, but errors were detected in your script. Please correct the
errors listed below, and try again.


File "game/script.rpy", line 36: stop requires a channel
    stop image 
        ^

Ren'Py Version: Ren'Py 6.99.5.602
